Preparing to run next stage at 0x10010e00000...
USB0: shutdown
USB1: shutdown
USB2: shutdown
MMU: shutting down...
MMU: shutdown successful, clearing caches
Vectoring to next stage...

*** Alpine RAM-root ready on /dev/ttydc0 ***
No USB or internal storage is mounted.
Linux wallace-ramroot 7.1.3-g96ac043df12f-dirty #3 SMP PREEMPT Fri Jul 24 08:43:52 UTC 2026 aarch64 Linux
Alpine 3.24.0 (aarch64)

===== T6040 HID TRACE AUTO REPORT BEGIN =====
[release]
Linux wallace-ramroot 7.1.3-g96ac043df12f-dirty #3 SMP PREEMPT Fri Jul 24 08:43:52 UTC 2026 aarch64 Linux
Alpine 3.24.0 (aarch64)
[HIDTRACE dmesg, last 200 matching lines]
[    0.189690] dockchannel-hid 514600000.hid: HIDTRACE event=0xf0 length=109
[    0.190159] dockchannel-hid 514600000.hid: HIDTRACE init iface=3 name=stm more=0 length=109
[    0.191310] dockchannel-hid 514600000.hid: HIDTRACE create iface=3 name=stm ret=0 vendor=0x0 product=0x0
[    0.191760] dockchannel-hid 514600000.hid: HIDTRACE event=0xf0 length=192
[    0.192205] dockchannel-hid 514600000.hid: HIDTRACE init iface=1 name=multi-touch more=0 length=192
[    0.192635] dockchannel-hid 514600000.hid: HIDTRACE event=0xf0 length=264
[    0.193057] dockchannel-hid 514600000.hid: HIDTRACE init iface=2 name=keyboard more=0 length=264
[    0.197415] dockchannel-hid 514600000.hid: HIDTRACE event=0xf0 length=109
[    0.198033] dockchannel-hid 514600000.hid: HIDTRACE init iface=5 name=tp-accel more=0 length=109
[    0.198524] dockchannel-hid 514600000.hid: HIDTRACE event=0xf0 length=118
[    0.198995] dockchannel-hid 514600000.hid: HIDTRACE init iface=4 name=actuator more=0 length=118
[    0.199445] dockchannel-hid 514600000.hid: HIDTRACE event=0xf0 length=111
[    0.199886] dockchannel-hid 514600000.hid: HIDTRACE init iface=6 name=mtp more=0 length=111
[    0.200333] dockchannel-hid 514600000.hid: HIDTRACE event=0xf1 length=4
[    0.200783] dockchannel-hid 514600000.hid: HIDTRACE ready iface=3 name=stm
[    0.218736] dockchannel-hid 514600000.hid: HIDTRACE stm id_ret=34 serial_ret=23 id=0x5ac:0x359:0x510
[    0.219867] dockchannel-hid 514600000.hid: HIDTRACE create iface=1 name=multi-touch ret=0 vendor=0x5ac product=0x359
[    0.221190] dockchannel-hid 514600000.hid: HIDTRACE event=0xf1 length=4
[    0.221798] dockchannel-hid 514600000.hid: HIDTRACE ready iface=2 name=keyboard
[    0.224873] dockchannel-hid 514600000.hid: HIDTRACE create iface=2 name=keyboard ret=0 vendor=0x5ac product=0x359
[    0.226790] dockchannel-hid 514600000.hid: HIDTRACE create iface=4 name=actuator ret=0 vendor=0x5ac product=0x359
[    0.227374] dockchannel-hid 514600000.hid: HIDTRACE event=0xf1 length=4
[    0.227949] dockchannel-hid 514600000.hid: HIDTRACE ready iface=4 name=actuator
[    0.228637] dockchannel-hid 514600000.hid: HIDTRACE event=0xf1 length=4
[    0.229224] dockchannel-hid 514600000.hid: HIDTRACE ready iface=5 name=tp-accel
[    0.234686] dockchannel-hid 514600000.hid: HIDTRACE create iface=5 name=tp-accel ret=0 vendor=0x5ac product=0x359
[    0.235540] dockchannel-hid 514600000.hid: HIDTRACE event=0xf1 length=4
[    0.235541] dockchannel-hid 514600000.hid: HIDTRACE ready iface=6 name=mtp
[    0.237816] dockchannel-hid 514600000.hid: HIDTRACE create iface=6 name=mtp ret=0 vendor=0x5ac product=0x359
[dc_trace and hid_trace]
--- /sys/devices/platform/soc/50880c000.mailbox/dc_trace
mode=poll irq=0 tx_mask=0x4 rx_mask=0x2
irq_calls=0 irq_wakes=0 rx_runs=176
rx_batches=0 rx_bytes=0
last_flags=0x0 last_pending=0x0 last_mask=0x0 last_rx_count=0
--- /sys/devices/platform/soc/514600000.hid/hid_trace
rx_callbacks=11 rx_bytes=1396 packets=19
cmd_packets=8 report_packets=11 acks=8 ack_matches=8 events=11
last_channel=0x11 last_iface=0 last_seq=5 last_event=0xf1
last_ack_report=0xb4 last_ack_retcode=0x0 rx_buffered=0
init_seen=0x7e ready_seen=0x7c create_queued=0x7e create_ok=0x7e deferred=0x76
stm_id_ret=34 stm_serial_ret=23 id_ready=1 id=0x5ac:0x359:0x510
--- /sys/devices/platform/soc/514b14000.mailbox/dc_trace
mode=irq irq=41 tx_mask=0x4 rx_mask=0x8
irq_calls=26 irq_wakes=19 rx_runs=19
rx_batches=11 rx_bytes=1396
last_flags=0x8 last_pending=0x8 last_mask=0x8 last_rx_count=0
[/proc/bus/input/devices]
I: Bus=0019 Vendor=05ac Product=0359 Version=0510
N: Name="Apple DockChannel Keyboard"
P: Phys=514600000.hid.2
S: Sysfs=/devices/platform/soc/514600000.hid/0019:05AC:0359.0003/input/input0
U: Uniq=FM7HAV0BKAG0000DZR+ALBM
H: Handlers=sysrq kbd leds event0 
B: PROP=0
B: EV=120013
B: KEY=10000 0 0 0 101007b02011007 ff9f217ac14057ff ffbeffdfffefffff fffffffffffffffe
B: MSC=10
B: LED=1f

[/dev/input]
total 0
drwxr-xr-x    2 root     root            60 Jan  1 00:00 [1;34m.[m
drwxr-xr-x    6 root     root          2840 Jan  1 00:00 [1;34m..[m
crw-------    1 root     root       13,  64 Jan  1 00:00 [1;35mevent0[m
[/proc/partitions]
major minor  #blocks  name

===== T6040 HID TRACE AUTO REPORT END =====
[ramroot] spawning Alpine root shell
wallace-ramroot:~# [6n